// Jest Snapshot v1, https://goo.gl/fbAQLP

exports[`test in <TodoAdd /> should show correctly 1`] = `
<Fragment>
  <h4>
    Add Todo
  </h4>
  <hr />
  <form
    onSubmit={[Function]}
  >
    <input
      autoComplete="off"
      className="form-control"
      name="description"
      onChange={[Function]}
      placeholder="Todo ..."
      type="text"
      value=""
    />
    <div
      className="d-grid gap-2"
    >
      <button
        className="btn btn-outline-primary mt-1 btn-block"
        type="submit"
      >
        Add
      </button>
    </div>
  </form>
</Fragment>
`;
