// Jest Snapshot v1, https://goo.gl/fbAQLP

exports[`Test in <GitGridItem /> should display the component correctly 1`] = `
<div
  className="card animate__animated animate__bounce"
>
  <img
    alt="Goku"
    src="https://localhost/goku.jpg"
  />
  <p>
    Goku
  </p>
</div>
`;
